// Jest Snapshot v1, https://goo.gl/fbAQLP

exports[`Directors renders correctly 1`] = `
{
  "asFragment": [Function],
  "baseElement": <body>
    <div>
      <div
        class="py-5"
      >
        <section>
          <h1
            class="text-center text-3xl font-bold text-black"
          >
            mockTranslate(DIRECTORS)
          </h1>
          <p
            class="text-center text-lg text-gray-600 my-4"
          >
            mockTranslate(DIRECTORS_DESCRIPTION)
          </p>
          <div
            class="directors flex items-center justify-center flex-wrap gap-10 my-20"
          >
            <div
              class="flex flex-col items-center w-full sm:w-[45%] md:w-[30%] lg:w-[20%]"
            >
              <div
                class="w-full max-w-[280px] aspect-[3/4] overflow-hidden rounded-2xl shadow-lg"
              >
                <img
                  alt="Ramesh Maturu"
                  class="w-full h-full object-cover"
                  src=""
                />
              </div>
              <div
                class="text-center w-full px-4 mt-4"
              >
                <h2
                  class="flex gap-2 mt-5"
                >
                  <a
                    class="text-black font-bold text-xl"
                    href="https://www.linkedin.com/in/rameshmaturu/"
                    target="_blank"
                  >
                    Ramesh Maturu
                  </a>
                </h2>
                <h3
                  class="flex gap-2"
                >
                  Director
                </h3>
              </div>
            </div>
            <div
              class="flex flex-col items-center w-full sm:w-[45%] md:w-[30%] lg:w-[20%]"
            >
              <div
                class="w-full max-w-[280px] aspect-[3/4] overflow-hidden rounded-2xl shadow-lg"
              >
                <img
                  alt="Rao Panuganti"
                  class="w-full h-full object-cover"
                  src=""
                />
              </div>
              <div
                class="text-center w-full px-4 mt-4"
              >
                <h2
                  class="flex gap-2 mt-5"
                >
                  <a
                    class="text-black font-bold text-xl"
                    href="https://www.linkedin.com/in/rao-panuganti-654443/"
                    target="_blank"
                  >
                    Rao Panuganti
                  </a>
                </h2>
                <h3
                  class="flex gap-2"
                >
                  Director
                </h3>
              </div>
            </div>
            <div
              class="flex flex-col items-center w-full sm:w-[45%] md:w-[30%] lg:w-[20%]"
            >
              <div
                class="w-full max-w-[280px] aspect-[3/4] overflow-hidden rounded-2xl shadow-lg"
              >
                <img
                  alt="Naveen Sharma"
                  class="w-full h-full object-cover"
                  src=""
                />
              </div>
              <div
                class="text-center w-full px-4 mt-4"
              >
                <h2
                  class="flex gap-2 mt-5"
                >
                  <a
                    class="text-black font-bold text-xl"
                    href="https://www.linkedin.com/in/nsharma2/"
                    target="_blank"
                  >
                    Naveen Sharma
                  </a>
                </h2>
                <h3
                  class="flex gap-2"
                >
                  Director
                </h3>
              </div>
            </div>
            <div
              class="flex flex-col items-center w-full sm:w-[45%] md:w-[30%] lg:w-[20%]"
            >
              <div
                class="w-full max-w-[280px] aspect-[3/4] overflow-hidden rounded-2xl shadow-lg"
              >
                <img
                  alt="Rajeshwary Jaldu"
                  class="w-full h-full object-cover"
                  src=""
                />
              </div>
              <div
                class="text-center w-full px-4 mt-4"
              >
                <h2
                  class="flex gap-2 mt-5"
                >
                  <a
                    class="text-black font-bold text-xl"
                    href="https://www.linkedin.com/in/rajeshwary-jaldu/"
                    target="_blank"
                  >
                    Rajeshwary Jaldu
                  </a>
                </h2>
                <h3
                  class="flex gap-2"
                >
                  Director & Treasurer
                </h3>
              </div>
            </div>
            <div
              class="flex flex-col items-center w-full sm:w-[45%] md:w-[30%] lg:w-[20%]"
            >
              <div
                class="w-full max-w-[280px] aspect-[3/4] overflow-hidden rounded-2xl shadow-lg"
              >
                <img
                  alt="Prabhakar Yellai"
                  class="w-full h-full object-cover"
                  src=""
                />
              </div>
              <div
                class="text-center w-full px-4 mt-4"
              >
                <h2
                  class="flex gap-2 mt-5"
                >
                  <a
                    class="text-black font-bold text-xl"
                    href="https://www.linkedin.com/in/prabhakara-yellai/"
                    target="_blank"
                  >
                    Prabhakar Yellai
                  </a>
                </h2>
                <h3
                  class="flex gap-2"
                >
                  Director
                </h3>
              </div>
            </div>
            <div
              class="flex flex-col items-center w-full sm:w-[45%] md:w-[30%] lg:w-[20%]"
            >
              <div
                class="w-full max-w-[280px] aspect-[3/4] overflow-hidden rounded-2xl shadow-lg"
              >
                <img
                  alt="Sharadha V Subramanian"
                  class="w-full h-full object-cover"
                  src=""
                />
              </div>
              <div
                class="text-center w-full px-4 mt-4"
              >
                <h2
                  class="flex gap-2 mt-5"
                >
                  <a
                    class="text-black font-bold text-xl"
                    href="https://www.linkedin.com/in/sharadha/"
                    target="_blank"
                  >
                    Sharadha V Subramanian
                  </a>
                </h2>
                <h3
                  class="flex gap-2"
                >
                  Director
                </h3>
              </div>
            </div>
            <div
              class="flex flex-col items-center w-full sm:w-[45%] md:w-[30%] lg:w-[20%]"
            >
              <div
                class="w-full max-w-[280px] aspect-[3/4] overflow-hidden rounded-2xl shadow-lg"
              >
                <img
                  alt="Srividhya Gopalan"
                  class="w-full h-full object-cover"
                  src=""
                />
              </div>
              <div
                class="text-center w-full px-4 mt-4"
              >
                <h2
                  class="flex gap-2 mt-5"
                >
                  <a
                    class="text-black font-bold text-xl"
                    href="https://www.linkedin.com/in/srividhyagopalan/"
                    target="_blank"
                  >
                    Srividhya Gopalan
                  </a>
                </h2>
                <h3
                  class="flex gap-2"
                >
                  Chief Financial Officer
                </h3>
              </div>
            </div>
          </div>
        </section>
        <section>
          <div
            class="bg-gray-100 py-16 px-24"
          >
            <div
              class="text-center max-w-3xl mx-auto mb-12 px-4"
            >
              <h2
                class="font-extrabold text-2xl sm:text-3xl mb-4"
              >
                mockTranslate(EXECUTIVE_TEAM)
              </h2>
              <p
                class="text-gray-600 text-sm sm:text-base leading-relaxed mb-2"
              >
                mockTranslate(EXECUTIVE_DESCRIPTION_1)
              </p>
              <p
                class="text-gray-600 text-sm sm:text-base leading-relaxed"
              >
                mockTranslate(EXECUTIVE_DESCRIPTION_2)
              </p>
            </div>
            <div
              class="flex flex-wrap justify-center gap-10"
            >
              <div
                class="w-[180px] text-center"
              >
                <div
                  class="w-[200px] h-[240px] overflow-hidden rounded-lg mx-auto"
                >
                  <img
                    alt="Rao K Bhethanabotla"
                    class="w-full h-full object-cover"
                    src=""
                  />
                </div>
                <div
                  class="font-semibold text-base mt-3 text-left pl-1"
                >
                  <a
                    class="text-black hover:underline"
                    href="https://www.linkedin.com/in/raobhethanabotla"
                    rel="noopener noreferrer"
                    target="_blank"
                  >
                    Rao K Bhethanabotla
                  </a>
                </div>
                <div
                  class="text-sm text-gray-500 mt-1 text-left pl-1"
                >
                  Founder, CEO, CTO, President
                </div>
              </div>
              <div
                class="w-[180px] text-center"
              >
                <div
                  class="w-[200px] h-[240px] overflow-hidden rounded-lg mx-auto"
                >
                  <img
                    alt="Rishita Rapuri"
                    class="w-full h-full object-cover"
                    src=""
                  />
                </div>
                <div
                  class="font-semibold text-base mt-3 text-left pl-1"
                >
                  <a
                    class="text-black hover:underline"
                    href="https://www.linkedin.com/in/rishitha-rapuri-a59a311a6/"
                    rel="noopener noreferrer"
                    target="_blank"
                  >
                    Rishita Rapuri
                  </a>
                </div>
                <div
                  class="text-sm text-gray-500 mt-1 text-left pl-1"
                >
                  Business Analyst Team Lead
                </div>
              </div>
              <div
                class="w-[180px] text-center"
              >
                <div
                  class="w-[200px] h-[240px] overflow-hidden rounded-lg mx-auto"
                >
                  <img
                    alt="Rashmi Bilaskar"
                    class="w-full h-full object-cover"
                    src=""
                  />
                </div>
                <div
                  class="font-semibold text-base mt-3 text-left pl-1"
                >
                  <a
                    class="text-black hover:underline"
                    href="https://www.linkedin.com/in/rashmi-bilaskar"
                    rel="noopener noreferrer"
                    target="_blank"
                  >
                    Rashmi Bilaskar
                  </a>
                </div>
                <div
                  class="text-sm text-gray-500 mt-1 text-left pl-1"
                >
                  Team Lead - Webapp and Mobile App Engineering
                </div>
              </div>
              <div
                class="w-[180px] text-center"
              >
                <div
                  class="w-[200px] h-[240px] overflow-hidden rounded-lg mx-auto"
                >
                  <img
                    alt="Sriram Mahankali"
                    class="w-full h-full object-cover"
                    src="https://cdn.builder.io/api/v1/image/assets/TEMP/8f181836a0df98180bc82bea522f96509eea4a8d"
                  />
                </div>
                <div
                  class="font-semibold text-base mt-3 text-left pl-1"
                >
                  <a
                    class="text-black hover:underline"
                    href="https://www.linkedin.com/in/sriram-mahankali"
                    rel="noopener noreferrer"
                    target="_blank"
                  >
                    Sriram Mahankali
                  </a>
                </div>
                <div
                  class="text-sm text-gray-500 mt-1 text-left pl-1"
                >
                  Design and Creative Lead
                </div>
              </div>
              <div
                class="w-[180px] text-center"
              >
                <div
                  class="w-[200px] h-[240px] overflow-hidden rounded-lg mx-auto"
                >
                  <img
                    alt="Shubham Narkhede"
                    class="w-full h-full object-cover"
                    src=""
                  />
                </div>
                <div
                  class="font-semibold text-base mt-3 text-left pl-1"
                >
                  <a
                    class="text-black hover:underline"
                    href="https://www.linkedin.com/in/shubhamnarkhede"
                    rel="noopener noreferrer"
                    target="_blank"
                  >
                    Shubham Narkhede
                  </a>
                </div>
                <div
                  class="text-sm text-gray-500 mt-1 text-left pl-1"
                >
                  AI/ML Team Lead
                </div>
              </div>
              <div
                class="w-[180px] text-center"
              >
                <div
                  class="w-[200px] h-[240px] overflow-hidden rounded-lg mx-auto"
                >
                  <img
                    alt="Divya Tanwar"
                    class="w-full h-full object-cover"
                    src="https://cdn.builder.io/api/v1/image/assets/TEMP/ce8a2aa126df5bac3884b96f7fe05a41fba85b38"
                  />
                </div>
                <div
                  class="font-semibold text-base mt-3 text-left pl-1"
                >
                  <a
                    class="text-black hover:underline"
                    href="https://www.linkedin.com/in/divya-tanwar"
                    rel="noopener noreferrer"
                    target="_blank"
                  >
                    Divya Tanwar
                  </a>
                </div>
                <div
                  class="text-sm text-gray-500 mt-1 text-left pl-1"
                >
                  -----
                </div>
              </div>
              <div
                class="w-[180px] text-center"
              >
                <div
                  class="w-[200px] h-[240px] overflow-hidden rounded-lg mx-auto"
                >
                  <img
                    alt="Kavyasree Bommakanti"
                    class="w-full h-full object-cover"
                    src=""
                  />
                </div>
                <div
                  class="font-semibold text-base mt-3 text-left pl-1"
                >
                  <a
                    class="text-black hover:underline"
                    href="https://www.linkedin.com/in/kavyasree-b-b4941b299/"
                    rel="noopener noreferrer"
                    target="_blank"
                  >
                    Kavyasree Bommakanti
                  </a>
                </div>
                <div
                  class="text-sm text-gray-500 mt-1 text-left pl-1"
                >
                  Program Manager | Business Analyst
                </div>
              </div>
              <div
                class="w-[180px] text-center"
              >
                <div
                  class="w-[200px] h-[240px] overflow-hidden rounded-lg mx-auto"
                >
                  <img
                    alt="Mohana Krishanan R."
                    class="w-full h-full object-cover"
                    src=""
                  />
                </div>
                <div
                  class="font-semibold text-base mt-3 text-left pl-1"
                >
                  <a
                    class="text-black hover:underline"
                    href="https://www.linkedin.com/in/mohana-krishanan"
                    rel="noopener noreferrer"
                    target="_blank"
                  >
                    Mohana Krishanan R.
                  </a>
                </div>
                <div
                  class="text-sm text-gray-500 mt-1 text-left pl-1"
                >
                  Senior Data Architect
                </div>
              </div>
              <div
                class="w-[180px] text-center"
              >
                <div
                  class="w-[200px] h-[240px] overflow-hidden rounded-lg mx-auto"
                >
                  <img
                    alt="Sugandha Agarwal"
                    class="w-full h-full object-cover"
                    src=""
                  />
                </div>
                <div
                  class="font-semibold text-base mt-3 text-left pl-1"
                >
                  <a
                    class="text-black hover:underline"
                    href="https://www.linkedin.com/in/agrasugandha/?trk=opento_sprofile_details"
                    rel="noopener noreferrer"
                    target="_blank"
                  >
                    Sugandha Agarwal
                  </a>
                </div>
                <div
                  class="text-sm text-gray-500 mt-1 text-left pl-1"
                >
                  AI/ML Development Manager
                </div>
              </div>
              <div
                class="w-[180px] text-center"
              >
                <div
                  class="w-[200px] h-[240px] overflow-hidden rounded-lg mx-auto"
                >
                  <img
                    alt="Meghana Karri"
                    class="w-full h-full object-cover"
                    src=""
                  />
                </div>
                <div
                  class="font-semibold text-base mt-3 text-left pl-1"
                >
                  <a
                    class="text-black hover:underline"
                    href="https://www.linkedin.com/in/meghanakarri/"
                    rel="noopener noreferrer"
                    target="_blank"
                  >
                    Meghana Karri
                  </a>
                </div>
                <div
                  class="text-sm text-gray-500 mt-1 text-left pl-1"
                >
                  Lead User Experience Designer
                </div>
              </div>
            </div>
          </div>
        </section>
        <section
          class="py-20"
        >
          <h1
            class="text-center text-3xl font-bold text-black"
          >
            mockTranslate(ADVISORS)
          </h1>
          <p
            class="text-center text-lg text-gray-600 my-4"
          >
            mockTranslate(ADVISORS_DESCRIPTION)
          </p>
          <div
            class="flex items-center justify-center flex-wrap gap-10 my-20"
          >
            <div
              class=""
            >
              <img
                alt="Madhukar Govindaraju"
                class="object-cover aspect-[2.5/3] rounded-xl"
                src=""
                width="250"
              />
              <div
                class="text-left self-start"
              >
                <h2
                  class="flex gap-2 mt-5"
                >
                  <a
                    class="text-black font-bold text-xl"
                    href="https://www.linkedin.com/in/madhukar/"
                    target="_blank"
                  >
                    Madhukar Govindaraju
                  </a>
                </h2>
                <h3
                  class="flex gap-2"
                >
                  Advisor
                </h3>
              </div>
            </div>
            <div
              class=""
            >
              <img
                alt="Sateesh Mucharla"
                class="object-cover aspect-[2.5/3] rounded-xl"
                src=""
                width="250"
              />
              <div
                class="text-left self-start"
              >
                <h2
                  class="flex gap-2 mt-5"
                >
                  <a
                    class="text-black font-bold text-xl"
                    href="https://www.linkedin.com/in/mucharla"
                    target="_blank"
                  >
                    Sateesh Mucharla
                  </a>
                </h2>
                <h3
                  class="flex gap-2"
                >
                  Advisor
                </h3>
              </div>
            </div>
          </div>
        </section>
      </div>
    </div>
  </body>,
  "container": <div>
    <div
      class="py-5"
    >
      <section>
        <h1
          class="text-center text-3xl font-bold text-black"
        >
          mockTranslate(DIRECTORS)
        </h1>
        <p
          class="text-center text-lg text-gray-600 my-4"
        >
          mockTranslate(DIRECTORS_DESCRIPTION)
        </p>
        <div
          class="directors flex items-center justify-center flex-wrap gap-10 my-20"
        >
          <div
            class="flex flex-col items-center w-full sm:w-[45%] md:w-[30%] lg:w-[20%]"
          >
            <div
              class="w-full max-w-[280px] aspect-[3/4] overflow-hidden rounded-2xl shadow-lg"
            >
              <img
                alt="Ramesh Maturu"
                class="w-full h-full object-cover"
                src=""
              />
            </div>
            <div
              class="text-center w-full px-4 mt-4"
            >
              <h2
                class="flex gap-2 mt-5"
              >
                <a
                  class="text-black font-bold text-xl"
                  href="https://www.linkedin.com/in/rameshmaturu/"
                  target="_blank"
                >
                  Ramesh Maturu
                </a>
              </h2>
              <h3
                class="flex gap-2"
              >
                Director
              </h3>
            </div>
          </div>
          <div
            class="flex flex-col items-center w-full sm:w-[45%] md:w-[30%] lg:w-[20%]"
          >
            <div
              class="w-full max-w-[280px] aspect-[3/4] overflow-hidden rounded-2xl shadow-lg"
            >
              <img
                alt="Rao Panuganti"
                class="w-full h-full object-cover"
                src=""
              />
            </div>
            <div
              class="text-center w-full px-4 mt-4"
            >
              <h2
                class="flex gap-2 mt-5"
              >
                <a
                  class="text-black font-bold text-xl"
                  href="https://www.linkedin.com/in/rao-panuganti-654443/"
                  target="_blank"
                >
                  Rao Panuganti
                </a>
              </h2>
              <h3
                class="flex gap-2"
              >
                Director
              </h3>
            </div>
          </div>
          <div
            class="flex flex-col items-center w-full sm:w-[45%] md:w-[30%] lg:w-[20%]"
          >
            <div
              class="w-full max-w-[280px] aspect-[3/4] overflow-hidden rounded-2xl shadow-lg"
            >
              <img
                alt="Naveen Sharma"
                class="w-full h-full object-cover"
                src=""
              />
            </div>
            <div
              class="text-center w-full px-4 mt-4"
            >
              <h2
                class="flex gap-2 mt-5"
              >
                <a
                  class="text-black font-bold text-xl"
                  href="https://www.linkedin.com/in/nsharma2/"
                  target="_blank"
                >
                  Naveen Sharma
                </a>
              </h2>
              <h3
                class="flex gap-2"
              >
                Director
              </h3>
            </div>
          </div>
          <div
            class="flex flex-col items-center w-full sm:w-[45%] md:w-[30%] lg:w-[20%]"
          >
            <div
              class="w-full max-w-[280px] aspect-[3/4] overflow-hidden rounded-2xl shadow-lg"
            >
              <img
                alt="Rajeshwary Jaldu"
                class="w-full h-full object-cover"
                src=""
              />
            </div>
            <div
              class="text-center w-full px-4 mt-4"
            >
              <h2
                class="flex gap-2 mt-5"
              >
                <a
                  class="text-black font-bold text-xl"
                  href="https://www.linkedin.com/in/rajeshwary-jaldu/"
                  target="_blank"
                >
                  Rajeshwary Jaldu
                </a>
              </h2>
              <h3
                class="flex gap-2"
              >
                Director & Treasurer
              </h3>
            </div>
          </div>
          <div
            class="flex flex-col items-center w-full sm:w-[45%] md:w-[30%] lg:w-[20%]"
          >
            <div
              class="w-full max-w-[280px] aspect-[3/4] overflow-hidden rounded-2xl shadow-lg"
            >
              <img
                alt="Prabhakar Yellai"
                class="w-full h-full object-cover"
                src=""
              />
            </div>
            <div
              class="text-center w-full px-4 mt-4"
            >
              <h2
                class="flex gap-2 mt-5"
              >
                <a
                  class="text-black font-bold text-xl"
                  href="https://www.linkedin.com/in/prabhakara-yellai/"
                  target="_blank"
                >
                  Prabhakar Yellai
                </a>
              </h2>
              <h3
                class="flex gap-2"
              >
                Director
              </h3>
            </div>
          </div>
          <div
            class="flex flex-col items-center w-full sm:w-[45%] md:w-[30%] lg:w-[20%]"
          >
            <div
              class="w-full max-w-[280px] aspect-[3/4] overflow-hidden rounded-2xl shadow-lg"
            >
              <img
                alt="Sharadha V Subramanian"
                class="w-full h-full object-cover"
                src=""
              />
            </div>
            <div
              class="text-center w-full px-4 mt-4"
            >
              <h2
                class="flex gap-2 mt-5"
              >
                <a
                  class="text-black font-bold text-xl"
                  href="https://www.linkedin.com/in/sharadha/"
                  target="_blank"
                >
                  Sharadha V Subramanian
                </a>
              </h2>
              <h3
                class="flex gap-2"
              >
                Director
              </h3>
            </div>
          </div>
          <div
            class="flex flex-col items-center w-full sm:w-[45%] md:w-[30%] lg:w-[20%]"
          >
            <div
              class="w-full max-w-[280px] aspect-[3/4] overflow-hidden rounded-2xl shadow-lg"
            >
              <img
                alt="Srividhya Gopalan"
                class="w-full h-full object-cover"
                src=""
              />
            </div>
            <div
              class="text-center w-full px-4 mt-4"
            >
              <h2
                class="flex gap-2 mt-5"
              >
                <a
                  class="text-black font-bold text-xl"
                  href="https://www.linkedin.com/in/srividhyagopalan/"
                  target="_blank"
                >
                  Srividhya Gopalan
                </a>
              </h2>
              <h3
                class="flex gap-2"
              >
                Chief Financial Officer
              </h3>
            </div>
          </div>
        </div>
      </section>
      <section>
        <div
          class="bg-gray-100 py-16 px-24"
        >
          <div
            class="text-center max-w-3xl mx-auto mb-12 px-4"
          >
            <h2
              class="font-extrabold text-2xl sm:text-3xl mb-4"
            >
              mockTranslate(EXECUTIVE_TEAM)
            </h2>
            <p
              class="text-gray-600 text-sm sm:text-base leading-relaxed mb-2"
            >
              mockTranslate(EXECUTIVE_DESCRIPTION_1)
            </p>
            <p
              class="text-gray-600 text-sm sm:text-base leading-relaxed"
            >
              mockTranslate(EXECUTIVE_DESCRIPTION_2)
            </p>
          </div>
          <div
            class="flex flex-wrap justify-center gap-10"
          >
            <div
              class="w-[180px] text-center"
            >
              <div
                class="w-[200px] h-[240px] overflow-hidden rounded-lg mx-auto"
              >
                <img
                  alt="Rao K Bhethanabotla"
                  class="w-full h-full object-cover"
                  src=""
                />
              </div>
              <div
                class="font-semibold text-base mt-3 text-left pl-1"
              >
                <a
                  class="text-black hover:underline"
                  href="https://www.linkedin.com/in/raobhethanabotla"
                  rel="noopener noreferrer"
                  target="_blank"
                >
                  Rao K Bhethanabotla
                </a>
              </div>
              <div
                class="text-sm text-gray-500 mt-1 text-left pl-1"
              >
                Founder, CEO, CTO, President
              </div>
            </div>
            <div
              class="w-[180px] text-center"
            >
              <div
                class="w-[200px] h-[240px] overflow-hidden rounded-lg mx-auto"
              >
                <img
                  alt="Rishita Rapuri"
                  class="w-full h-full object-cover"
                  src=""
                />
              </div>
              <div
                class="font-semibold text-base mt-3 text-left pl-1"
              >
                <a
                  class="text-black hover:underline"
                  href="https://www.linkedin.com/in/rishitha-rapuri-a59a311a6/"
                  rel="noopener noreferrer"
                  target="_blank"
                >
                  Rishita Rapuri
                </a>
              </div>
              <div
                class="text-sm text-gray-500 mt-1 text-left pl-1"
              >
                Business Analyst Team Lead
              </div>
            </div>
            <div
              class="w-[180px] text-center"
            >
              <div
                class="w-[200px] h-[240px] overflow-hidden rounded-lg mx-auto"
              >
                <img
                  alt="Rashmi Bilaskar"
                  class="w-full h-full object-cover"
                  src=""
                />
              </div>
              <div
                class="font-semibold text-base mt-3 text-left pl-1"
              >
                <a
                  class="text-black hover:underline"
                  href="https://www.linkedin.com/in/rashmi-bilaskar"
                  rel="noopener noreferrer"
                  target="_blank"
                >
                  Rashmi Bilaskar
                </a>
              </div>
              <div
                class="text-sm text-gray-500 mt-1 text-left pl-1"
              >
                Team Lead - Webapp and Mobile App Engineering
              </div>
            </div>
            <div
              class="w-[180px] text-center"
            >
              <div
                class="w-[200px] h-[240px] overflow-hidden rounded-lg mx-auto"
              >
                <img
                  alt="Sriram Mahankali"
                  class="w-full h-full object-cover"
                  src="https://cdn.builder.io/api/v1/image/assets/TEMP/8f181836a0df98180bc82bea522f96509eea4a8d"
                />
              </div>
              <div
                class="font-semibold text-base mt-3 text-left pl-1"
              >
                <a
                  class="text-black hover:underline"
                  href="https://www.linkedin.com/in/sriram-mahankali"
                  rel="noopener noreferrer"
                  target="_blank"
                >
                  Sriram Mahankali
                </a>
              </div>
              <div
                class="text-sm text-gray-500 mt-1 text-left pl-1"
              >
                Design and Creative Lead
              </div>
            </div>
            <div
              class="w-[180px] text-center"
            >
              <div
                class="w-[200px] h-[240px] overflow-hidden rounded-lg mx-auto"
              >
                <img
                  alt="Shubham Narkhede"
                  class="w-full h-full object-cover"
                  src=""
                />
              </div>
              <div
                class="font-semibold text-base mt-3 text-left pl-1"
              >
                <a
                  class="text-black hover:underline"
                  href="https://www.linkedin.com/in/shubhamnarkhede"
                  rel="noopener noreferrer"
                  target="_blank"
                >
                  Shubham Narkhede
                </a>
              </div>
              <div
                class="text-sm text-gray-500 mt-1 text-left pl-1"
              >
                AI/ML Team Lead
              </div>
            </div>
            <div
              class="w-[180px] text-center"
            >
              <div
                class="w-[200px] h-[240px] overflow-hidden rounded-lg mx-auto"
              >
                <img
                  alt="Divya Tanwar"
                  class="w-full h-full object-cover"
                  src="https://cdn.builder.io/api/v1/image/assets/TEMP/ce8a2aa126df5bac3884b96f7fe05a41fba85b38"
                />
              </div>
              <div
                class="font-semibold text-base mt-3 text-left pl-1"
              >
                <a
                  class="text-black hover:underline"
                  href="https://www.linkedin.com/in/divya-tanwar"
                  rel="noopener noreferrer"
                  target="_blank"
                >
                  Divya Tanwar
                </a>
              </div>
              <div
                class="text-sm text-gray-500 mt-1 text-left pl-1"
              >
                -----
              </div>
            </div>
            <div
              class="w-[180px] text-center"
            >
              <div
                class="w-[200px] h-[240px] overflow-hidden rounded-lg mx-auto"
              >
                <img
                  alt="Kavyasree Bommakanti"
                  class="w-full h-full object-cover"
                  src=""
                />
              </div>
              <div
                class="font-semibold text-base mt-3 text-left pl-1"
              >
                <a
                  class="text-black hover:underline"
                  href="https://www.linkedin.com/in/kavyasree-b-b4941b299/"
                  rel="noopener noreferrer"
                  target="_blank"
                >
                  Kavyasree Bommakanti
                </a>
              </div>
              <div
                class="text-sm text-gray-500 mt-1 text-left pl-1"
              >
                Program Manager | Business Analyst
              </div>
            </div>
            <div
              class="w-[180px] text-center"
            >
              <div
                class="w-[200px] h-[240px] overflow-hidden rounded-lg mx-auto"
              >
                <img
                  alt="Mohana Krishanan R."
                  class="w-full h-full object-cover"
                  src=""
                />
              </div>
              <div
                class="font-semibold text-base mt-3 text-left pl-1"
              >
                <a
                  class="text-black hover:underline"
                  href="https://www.linkedin.com/in/mohana-krishanan"
                  rel="noopener noreferrer"
                  target="_blank"
                >
                  Mohana Krishanan R.
                </a>
              </div>
              <div
                class="text-sm text-gray-500 mt-1 text-left pl-1"
              >
                Senior Data Architect
              </div>
            </div>
            <div
              class="w-[180px] text-center"
            >
              <div
                class="w-[200px] h-[240px] overflow-hidden rounded-lg mx-auto"
              >
                <img
                  alt="Sugandha Agarwal"
                  class="w-full h-full object-cover"
                  src=""
                />
              </div>
              <div
                class="font-semibold text-base mt-3 text-left pl-1"
              >
                <a
                  class="text-black hover:underline"
                  href="https://www.linkedin.com/in/agrasugandha/?trk=opento_sprofile_details"
                  rel="noopener noreferrer"
                  target="_blank"
                >
                  Sugandha Agarwal
                </a>
              </div>
              <div
                class="text-sm text-gray-500 mt-1 text-left pl-1"
              >
                AI/ML Development Manager
              </div>
            </div>
            <div
              class="w-[180px] text-center"
            >
              <div
                class="w-[200px] h-[240px] overflow-hidden rounded-lg mx-auto"
              >
                <img
                  alt="Meghana Karri"
                  class="w-full h-full object-cover"
                  src=""
                />
              </div>
              <div
                class="font-semibold text-base mt-3 text-left pl-1"
              >
                <a
                  class="text-black hover:underline"
                  href="https://www.linkedin.com/in/meghanakarri/"
                  rel="noopener noreferrer"
                  target="_blank"
                >
                  Meghana Karri
                </a>
              </div>
              <div
                class="text-sm text-gray-500 mt-1 text-left pl-1"
              >
                Lead User Experience Designer
              </div>
            </div>
          </div>
        </div>
      </section>
      <section
        class="py-20"
      >
        <h1
          class="text-center text-3xl font-bold text-black"
        >
          mockTranslate(ADVISORS)
        </h1>
        <p
          class="text-center text-lg text-gray-600 my-4"
        >
          mockTranslate(ADVISORS_DESCRIPTION)
        </p>
        <div
          class="flex items-center justify-center flex-wrap gap-10 my-20"
        >
          <div
            class=""
          >
            <img
              alt="Madhukar Govindaraju"
              class="object-cover aspect-[2.5/3] rounded-xl"
              src=""
              width="250"
            />
            <div
              class="text-left self-start"
            >
              <h2
                class="flex gap-2 mt-5"
              >
                <a
                  class="text-black font-bold text-xl"
                  href="https://www.linkedin.com/in/madhukar/"
                  target="_blank"
                >
                  Madhukar Govindaraju
                </a>
              </h2>
              <h3
                class="flex gap-2"
              >
                Advisor
              </h3>
            </div>
          </div>
          <div
            class=""
          >
            <img
              alt="Sateesh Mucharla"
              class="object-cover aspect-[2.5/3] rounded-xl"
              src=""
              width="250"
            />
            <div
              class="text-left self-start"
            >
              <h2
                class="flex gap-2 mt-5"
              >
                <a
                  class="text-black font-bold text-xl"
                  href="https://www.linkedin.com/in/mucharla"
                  target="_blank"
                >
                  Sateesh Mucharla
                </a>
              </h2>
              <h3
                class="flex gap-2"
              >
                Advisor
              </h3>
            </div>
          </div>
        </div>
      </section>
    </div>
  </div>,
  "debug": [Function],
  "findAllByAltText": [Function],
  "findAllByDisplayValue": [Function],
  "findAllByLabelText": [Function],
  "findAllByPlaceholderText": [Function],
  "findAllByRole": [Function],
  "findAllByTestId": [Function],
  "findAllByText": [Function],
  "findAllByTitle": [Function],
  "findByAltText": [Function],
  "findByDisplayValue": [Function],
  "findByLabelText": [Function],
  "findByPlaceholderText": [Function],
  "findByRole": [Function],
  "findByTestId": [Function],
  "findByText": [Function],
  "findByTitle": [Function],
  "getAllByAltText": [Function],
  "getAllByDisplayValue": [Function],
  "getAllByLabelText": [Function],
  "getAllByPlaceholderText": [Function],
  "getAllByRole": [Function],
  "getAllByTestId": [Function],
  "getAllByText": [Function],
  "getAllByTitle": [Function],
  "getByAltText": [Function],
  "getByDisplayValue": [Function],
  "getByLabelText": [Function],
  "getByPlaceholderText": [Function],
  "getByRole": [Function],
  "getByTestId": [Function],
  "getByText": [Function],
  "getByTitle": [Function],
  "queryAllByAltText": [Function],
  "queryAllByDisplayValue": [Function],
  "queryAllByLabelText": [Function],
  "queryAllByPlaceholderText": [Function],
  "queryAllByRole": [Function],
  "queryAllByTestId": [Function],
  "queryAllByText": [Function],
  "queryAllByTitle": [Function],
  "queryByAltText": [Function],
  "queryByDisplayValue": [Function],
  "queryByLabelText": [Function],
  "queryByPlaceholderText": [Function],
  "queryByRole": [Function],
  "queryByTestId": [Function],
  "queryByText": [Function],
  "queryByTitle": [Function],
  "rerender": [Function],
  "unmount": [Function],
}
`;
