// Jest Snapshot v1, https://goo.gl/fbAQLP

exports[`OrganizationDetails matches snapshot 1`] = `
<DocumentFragment>
  <div
    class="flex flex-col p-8 rounded-lg w-full max-w-4xl mb-8 bg-white shadow-md"
  >
    <div
      class="grid grid-cols-1 md:grid-cols-2 gap-8 mb-6"
    >
      <div>
        <label
          class="block tracking-wide text-gray-700 text-xs font-bold mb-2"
        >
          Organization Name
        </label>
        <p
          class="text-lg text-gray-900"
        >
          Test Org
        </p>
      </div>
    </div>
    <div
      class="grid grid-cols-1 md:grid-cols-2 gap-8 mb-6"
    >
      <div>
        <label
          class="block tracking-wide text-gray-700 text-xs font-bold mb-2"
        >
          Organization Type
        </label>
        <p
          class="text-lg text-gray-900"
        >
          Non-Profit
        </p>
      </div>
      <div>
        <label
          class="block tracking-wide text-gray-700 text-xs font-bold mb-2"
        >
          <div
            class="flex items-center gap-2"
          >
            <span>
              Organization Size
            </span>
            <div
              class="relative group cursor-pointer"
            >
              <div
                class="w-4 h-4 flex items-center justify-center rounded-full bg-gray-400 text-white text-xs font-bold"
              >
                ?
              </div>
              <div
                class="absolute left-5 top-0 w-56 bg-gray-700 text-white text-xs rounded py-1 px-2 opacity-0 group-hover:opacity-100 group-hover:visible transition-opacity duration-200 z-10 pointer-events-none"
              >
                <div
                  class="font-medium"
                >
                  Typical Organization Size
                </div>
                <div>
                  Small: 1-50 employees
                </div>
                <div>
                  Medium: 50-250 employees
                </div>
                <div>
                  Large: 250-500+ employees
                </div>
              </div>
            </div>
          </div>
        </label>
        <p
          class="text-lg text-gray-900"
        >
          Medium
        </p>
      </div>
    </div>
    <div
      class="grid grid-cols-1 md:grid-cols-2 gap-8 mb-6"
    >
      <div>
        <label
          class="block tracking-wide text-gray-700 text-xs font-bold mb-2"
        >
          Phone Number
        </label>
        <p
          class="text-lg text-gray-900"
        >
          US 1234567890
        </p>
      </div>
      <div>
        <label
          class="block tracking-wide text-gray-700 text-xs font-bold mb-2"
        >
          Email
        </label>
        <p
          class="text-lg text-gray-900"
        >
          test@example.com
        </p>
      </div>
    </div>
    <div
      class="grid grid-cols-1 gap-8 mb-6"
    >
      <div>
        <label
          class="block tracking-wide text-gray-700 text-xs font-bold mb-2"
        >
          URL
        </label>
        <p
          class="text-lg text-gray-900"
        >
          https://test.org
        </p>
      </div>
    </div>
    <div
      class="grid grid-cols-1 gap-8 mb-6"
    >
      <div>
        <label
          class="block tracking-wide text-gray-700 text-xs font-bold mb-2"
        >
          Help Categories
        </label>
        <p
          class="text-lg text-gray-900"
        >
          Food And Essentials Support, Food Assistance
        </p>
      </div>
    </div>
    <div
      class="grid grid-cols-1 md:grid-cols-2 gap-8 mb-6"
    >
      <div>
        <label
          class="block tracking-wide text-gray-700 text-xs font-bold mb-2"
        >
          Street Address
        </label>
        <p
          class="text-lg text-gray-900"
        >
          123 Main St
        </p>
      </div>
      <div>
        <label
          class="block tracking-wide text-gray-700 text-xs font-bold mb-2"
        >
          Street Address 2
        </label>
        <p
          class="text-lg text-gray-900"
        >
          Suite 100
        </p>
      </div>
    </div>
    <div
      class="grid grid-cols-1 md:grid-cols-3 gap-8 mb-6"
    >
      <div>
        <label
          class="block tracking-wide text-gray-700 text-xs font-bold mb-2"
        >
          City
        </label>
        <p
          class="text-lg text-gray-900"
        >
          Test City
        </p>
      </div>
      <div>
        <label
          class="block tracking-wide text-gray-700 text-xs font-bold mb-2"
        >
          State
        </label>
        <p
          class="text-lg text-gray-900"
        >
          TS
        </p>
      </div>
      <div>
        <label
          class="block tracking-wide text-gray-700 text-xs font-bold mb-2"
        >
          ZIP Code
        </label>
        <p
          class="text-lg text-gray-900"
        >
          12345
        </p>
      </div>
    </div>
    <div
      class="flex justify-center mt-6"
    >
      <button
        class="py-2 px-4 bg-blue-500 text-white rounded-md hover:bg-blue-600"
      >
        Edit
      </button>
    </div>
  </div>
</DocumentFragment>
`;
