// Jest Snapshot v1, https://goo.gl/fbAQLP

exports[`NewsOurStories renders correctly 1`] = `
{
  "asFragment": [Function],
  "baseElement": <body>
    <div>
      <div
        class="news-our-stories-container px-4 md:px-0"
      >
        <section
          class="news-our-stories-hero"
        >
          <h1
            class="news-our-stories-title"
          >
            mockTranslate(TITLE)
          </h1>
          <p
            class="news-our-stories-subtitle"
          >
            mockTranslate(SUBTITLE)
          </p>
          <p
            class="news-our-stories-desc"
          >
            mockTranslate(DESCRIPTION)
          </p>
        </section>
        <section
          class="news-our-stories-section"
        >
          <div
            class="news-grid"
          >
            <div
              class="news-card"
            >
              <div
                class="news-img-wrap"
              >
                <img
                  alt="STORY_1_TITLE"
                  class="news-img"
                  src=""
                />
              </div>
              <div
                class="news-card-body"
              >
                <div
                  class="news-date"
                >
                  02/09/2026
                </div>
                <h2
                  class="news-title"
                >
                  mockTranslate(STORY_1_TITLE)
                </h2>
                <p
                  class="news-desc"
                >
                  mockTranslate(STORY_1_DESC)
                </p>
                <a
                  class="news-link"
                  href="https://www.pyramidci.com/news/ramesh-maturu-named-to-the-2026-georgia-titan-100-list/"
                  rel="noopener noreferrer"
                  target="_blank"
                >
                  mockTranslate(READ_MORE)
                </a>
              </div>
            </div>
            <div
              class="news-card"
            >
              <div
                class="news-img-wrap"
              >
                <img
                  alt="STORY_2_TITLE"
                  class="news-img"
                  src=""
                />
              </div>
              <div
                class="news-card-body"
              >
                <div
                  class="news-date"
                >
                  05/02/2025
                </div>
                <h2
                  class="news-title"
                >
                  mockTranslate(STORY_2_TITLE)
                </h2>
                <p
                  class="news-desc"
                >
                  mockTranslate(STORY_2_DESC)
                </p>
              </div>
            </div>
            <div
              class="news-card"
            >
              <div
                class="news-img-wrap"
              >
                <img
                  alt="STORY_3_TITLE"
                  class="news-img"
                  src=""
                />
              </div>
              <div
                class="news-card-body"
              >
                <div
                  class="news-date"
                >
                  05/02/2025
                </div>
                <h2
                  class="news-title"
                >
                  mockTranslate(STORY_3_TITLE)
                </h2>
                <p
                  class="news-desc"
                >
                  mockTranslate(STORY_3_DESC)
                </p>
              </div>
            </div>
            <div
              class="news-card"
            >
              <div
                class="news-img-wrap"
              >
                <img
                  alt="STORY_4_TITLE"
                  class="news-img"
                  src=""
                />
              </div>
              <div
                class="news-card-body"
              >
                <div
                  class="news-date"
                >
                  02/09/2026
                </div>
                <h2
                  class="news-title"
                >
                  mockTranslate(STORY_4_TITLE)
                </h2>
                <p
                  class="news-desc"
                >
                  mockTranslate(STORY_4_DESC)
                </p>
              </div>
            </div>
            <div
              class="news-card"
            >
              <div
                class="news-img-wrap"
              >
                <img
                  alt="STORY_5_TITLE"
                  class="news-img"
                  src=""
                />
              </div>
              <div
                class="news-card-body"
              >
                <div
                  class="news-date"
                >
                  05/02/2025
                </div>
                <h2
                  class="news-title"
                >
                  mockTranslate(STORY_5_TITLE)
                </h2>
                <p
                  class="news-desc"
                >
                  mockTranslate(STORY_5_DESC)
                </p>
              </div>
            </div>
            <div
              class="news-card"
            >
              <div
                class="news-img-wrap"
              >
                <img
                  alt="STORY_6_TITLE"
                  class="news-img"
                  src=""
                />
              </div>
              <div
                class="news-card-body"
              >
                <div
                  class="news-date"
                >
                  05/02/2025
                </div>
                <h2
                  class="news-title"
                >
                  mockTranslate(STORY_6_TITLE)
                </h2>
                <p
                  class="news-desc"
                >
                  mockTranslate(STORY_6_DESC)
                </p>
              </div>
            </div>
            <div
              class="news-card"
            >
              <div
                class="news-img-wrap"
              >
                <img
                  alt="STORY_7_TITLE"
                  class="news-img"
                  src=""
                />
              </div>
              <div
                class="news-card-body"
              >
                <div
                  class="news-date"
                >
                  05/02/2025
                </div>
                <h2
                  class="news-title"
                >
                  mockTranslate(STORY_7_TITLE)
                </h2>
                <p
                  class="news-desc"
                >
                  mockTranslate(STORY_7_DESC)
                </p>
              </div>
            </div>
            <div
              class="news-card"
            >
              <div
                class="news-img-wrap"
              >
                <img
                  alt="STORY_8_TITLE"
                  class="news-img"
                  src=""
                />
              </div>
              <div
                class="news-card-body"
              >
                <div
                  class="news-date"
                >
                  05/02/2025
                </div>
                <h2
                  class="news-title"
                >
                  mockTranslate(STORY_8_TITLE)
                </h2>
                <p
                  class="news-desc"
                >
                  mockTranslate(STORY_8_DESC)
                </p>
              </div>
            </div>
            <div
              class="news-card"
            >
              <div
                class="news-img-wrap"
              >
                <img
                  alt="STORY_9_TITLE"
                  class="news-img"
                  src=""
                />
              </div>
              <div
                class="news-card-body"
              >
                <div
                  class="news-date"
                >
                  05/02/2025
                </div>
                <h2
                  class="news-title"
                >
                  mockTranslate(STORY_9_TITLE)
                </h2>
                <p
                  class="news-desc"
                >
                  mockTranslate(STORY_9_DESC)
                </p>
              </div>
            </div>
            <div
              class="news-card"
            >
              <div
                class="news-img-wrap"
              >
                <img
                  alt="STORY_10_TITLE"
                  class="news-img"
                  src=""
                />
              </div>
              <div
                class="news-card-body"
              >
                <div
                  class="news-date"
                >
                  05/02/2025
                </div>
                <h2
                  class="news-title"
                >
                  mockTranslate(STORY_10_TITLE)
                </h2>
                <p
                  class="news-desc"
                >
                  mockTranslate(STORY_10_DESC)
                </p>
              </div>
            </div>
          </div>
        </section>
        <div
          class="text-center mt-16 mb-16"
        >
          <h2
            class="text-3xl font-bold mb-4"
          >
            mockTranslate(JOIN_TITLE)
          </h2>
          <p
            class="text-base mb-8"
          >
            mockTranslate(JOIN_BODY)
          </p>
          <mock-link
            props="{"className":"bg-blue-500 hover:bg-blue-600 text-white font-bold py-2 px-6 rounded-full inline-block"}"
            to="/contact"
          >
            mockTranslate(JOIN_BUTTON)
          </mock-link>
        </div>
      </div>
    </div>
  </body>,
  "container": <div>
    <div
      class="news-our-stories-container px-4 md:px-0"
    >
      <section
        class="news-our-stories-hero"
      >
        <h1
          class="news-our-stories-title"
        >
          mockTranslate(TITLE)
        </h1>
        <p
          class="news-our-stories-subtitle"
        >
          mockTranslate(SUBTITLE)
        </p>
        <p
          class="news-our-stories-desc"
        >
          mockTranslate(DESCRIPTION)
        </p>
      </section>
      <section
        class="news-our-stories-section"
      >
        <div
          class="news-grid"
        >
          <div
            class="news-card"
          >
            <div
              class="news-img-wrap"
            >
              <img
                alt="STORY_1_TITLE"
                class="news-img"
                src=""
              />
            </div>
            <div
              class="news-card-body"
            >
              <div
                class="news-date"
              >
                02/09/2026
              </div>
              <h2
                class="news-title"
              >
                mockTranslate(STORY_1_TITLE)
              </h2>
              <p
                class="news-desc"
              >
                mockTranslate(STORY_1_DESC)
              </p>
              <a
                class="news-link"
                href="https://www.pyramidci.com/news/ramesh-maturu-named-to-the-2026-georgia-titan-100-list/"
                rel="noopener noreferrer"
                target="_blank"
              >
                mockTranslate(READ_MORE)
              </a>
            </div>
          </div>
          <div
            class="news-card"
          >
            <div
              class="news-img-wrap"
            >
              <img
                alt="STORY_2_TITLE"
                class="news-img"
                src=""
              />
            </div>
            <div
              class="news-card-body"
            >
              <div
                class="news-date"
              >
                05/02/2025
              </div>
              <h2
                class="news-title"
              >
                mockTranslate(STORY_2_TITLE)
              </h2>
              <p
                class="news-desc"
              >
                mockTranslate(STORY_2_DESC)
              </p>
            </div>
          </div>
          <div
            class="news-card"
          >
            <div
              class="news-img-wrap"
            >
              <img
                alt="STORY_3_TITLE"
                class="news-img"
                src=""
              />
            </div>
            <div
              class="news-card-body"
            >
              <div
                class="news-date"
              >
                05/02/2025
              </div>
              <h2
                class="news-title"
              >
                mockTranslate(STORY_3_TITLE)
              </h2>
              <p
                class="news-desc"
              >
                mockTranslate(STORY_3_DESC)
              </p>
            </div>
          </div>
          <div
            class="news-card"
          >
            <div
              class="news-img-wrap"
            >
              <img
                alt="STORY_4_TITLE"
                class="news-img"
                src=""
              />
            </div>
            <div
              class="news-card-body"
            >
              <div
                class="news-date"
              >
                02/09/2026
              </div>
              <h2
                class="news-title"
              >
                mockTranslate(STORY_4_TITLE)
              </h2>
              <p
                class="news-desc"
              >
                mockTranslate(STORY_4_DESC)
              </p>
            </div>
          </div>
          <div
            class="news-card"
          >
            <div
              class="news-img-wrap"
            >
              <img
                alt="STORY_5_TITLE"
                class="news-img"
                src=""
              />
            </div>
            <div
              class="news-card-body"
            >
              <div
                class="news-date"
              >
                05/02/2025
              </div>
              <h2
                class="news-title"
              >
                mockTranslate(STORY_5_TITLE)
              </h2>
              <p
                class="news-desc"
              >
                mockTranslate(STORY_5_DESC)
              </p>
            </div>
          </div>
          <div
            class="news-card"
          >
            <div
              class="news-img-wrap"
            >
              <img
                alt="STORY_6_TITLE"
                class="news-img"
                src=""
              />
            </div>
            <div
              class="news-card-body"
            >
              <div
                class="news-date"
              >
                05/02/2025
              </div>
              <h2
                class="news-title"
              >
                mockTranslate(STORY_6_TITLE)
              </h2>
              <p
                class="news-desc"
              >
                mockTranslate(STORY_6_DESC)
              </p>
            </div>
          </div>
          <div
            class="news-card"
          >
            <div
              class="news-img-wrap"
            >
              <img
                alt="STORY_7_TITLE"
                class="news-img"
                src=""
              />
            </div>
            <div
              class="news-card-body"
            >
              <div
                class="news-date"
              >
                05/02/2025
              </div>
              <h2
                class="news-title"
              >
                mockTranslate(STORY_7_TITLE)
              </h2>
              <p
                class="news-desc"
              >
                mockTranslate(STORY_7_DESC)
              </p>
            </div>
          </div>
          <div
            class="news-card"
          >
            <div
              class="news-img-wrap"
            >
              <img
                alt="STORY_8_TITLE"
                class="news-img"
                src=""
              />
            </div>
            <div
              class="news-card-body"
            >
              <div
                class="news-date"
              >
                05/02/2025
              </div>
              <h2
                class="news-title"
              >
                mockTranslate(STORY_8_TITLE)
              </h2>
              <p
                class="news-desc"
              >
                mockTranslate(STORY_8_DESC)
              </p>
            </div>
          </div>
          <div
            class="news-card"
          >
            <div
              class="news-img-wrap"
            >
              <img
                alt="STORY_9_TITLE"
                class="news-img"
                src=""
              />
            </div>
            <div
              class="news-card-body"
            >
              <div
                class="news-date"
              >
                05/02/2025
              </div>
              <h2
                class="news-title"
              >
                mockTranslate(STORY_9_TITLE)
              </h2>
              <p
                class="news-desc"
              >
                mockTranslate(STORY_9_DESC)
              </p>
            </div>
          </div>
          <div
            class="news-card"
          >
            <div
              class="news-img-wrap"
            >
              <img
                alt="STORY_10_TITLE"
                class="news-img"
                src=""
              />
            </div>
            <div
              class="news-card-body"
            >
              <div
                class="news-date"
              >
                05/02/2025
              </div>
              <h2
                class="news-title"
              >
                mockTranslate(STORY_10_TITLE)
              </h2>
              <p
                class="news-desc"
              >
                mockTranslate(STORY_10_DESC)
              </p>
            </div>
          </div>
        </div>
      </section>
      <div
        class="text-center mt-16 mb-16"
      >
        <h2
          class="text-3xl font-bold mb-4"
        >
          mockTranslate(JOIN_TITLE)
        </h2>
        <p
          class="text-base mb-8"
        >
          mockTranslate(JOIN_BODY)
        </p>
        <mock-link
          props="{"className":"bg-blue-500 hover:bg-blue-600 text-white font-bold py-2 px-6 rounded-full inline-block"}"
          to="/contact"
        >
          mockTranslate(JOIN_BUTTON)
        </mock-link>
      </div>
    </div>
  </div>,
  "debug": [Function],
  "findAllByAltText": [Function],
  "findAllByDisplayValue": [Function],
  "findAllByLabelText": [Function],
  "findAllByPlaceholderText": [Function],
  "findAllByRole": [Function],
  "findAllByTestId": [Function],
  "findAllByText": [Function],
  "findAllByTitle": [Function],
  "findByAltText": [Function],
  "findByDisplayValue": [Function],
  "findByLabelText": [Function],
  "findByPlaceholderText": [Function],
  "findByRole": [Function],
  "findByTestId": [Function],
  "findByText": [Function],
  "findByTitle": [Function],
  "getAllByAltText": [Function],
  "getAllByDisplayValue": [Function],
  "getAllByLabelText": [Function],
  "getAllByPlaceholderText": [Function],
  "getAllByRole": [Function],
  "getAllByTestId": [Function],
  "getAllByText": [Function],
  "getAllByTitle": [Function],
  "getByAltText": [Function],
  "getByDisplayValue": [Function],
  "getByLabelText": [Function],
  "getByPlaceholderText": [Function],
  "getByRole": [Function],
  "getByTestId": [Function],
  "getByText": [Function],
  "getByTitle": [Function],
  "queryAllByAltText": [Function],
  "queryAllByDisplayValue": [Function],
  "queryAllByLabelText": [Function],
  "queryAllByPlaceholderText": [Function],
  "queryAllByRole": [Function],
  "queryAllByTestId": [Function],
  "queryAllByText": [Function],
  "queryAllByTitle": [Function],
  "queryByAltText": [Function],
  "queryByDisplayValue": [Function],
  "queryByLabelText": [Function],
  "queryByPlaceholderText": [Function],
  "queryByRole": [Function],
  "queryByTestId": [Function],
  "queryByText": [Function],
  "queryByTitle": [Function],
  "rerender": [Function],
  "unmount": [Function],
}
`;
