// Jest Snapshot v1, https://goo.gl/fbAQLP

exports[`NewsOurStories renders correctly 1`] = `
{
  "asFragment": [Function],
  "baseElement": <body>
    <div>
      <div
        class="news-our-stories-container px-4 md:px-0"
      >
        <section
          class="news-our-stories-hero"
        >
          <h1
            class="news-our-stories-title"
          >
            mockTranslate(News: Our Stories)
          </h1>
          <p
            class="news-our-stories-subtitle"
          >
            mockTranslate(Explore how Saayam for All is making headlines and gaining recognition for its work in uplifting communities, empowering volunteers, and building an inclusive support network.)
          </p>
          <p
            class="news-our-stories-desc"
          >
            mockTranslate(From local stories to national features, discover how our mission is resonating beyond the platform and into the world.)
          </p>
        </section>
        <section
          class="news-our-stories-section"
        >
          <div
            class="news-grid"
          >
            <div
              class="news-card"
            >
              <div
                class="news-img-wrap"
              >
                <img
                  alt="Ramesh Maturu Named to the 2026 Georgia Titan 100 List"
                  class="news-img"
                  src=""
                />
              </div>
              <div
                class="news-card-body"
              >
                <div
                  class="news-date"
                >
                  02/09/2026
                </div>
                <h2
                  class="news-title"
                >
                  mockTranslate(Ramesh Maturu Named to the 2026 Georgia Titan 100 List)
                </h2>
                <p
                  class="news-desc"
                >
                  mockTranslate(Pyramid Consulting is pleased to announce that its President and Co-founder Ramesh Maturu, has been named a 2026 Georgia Titan 100, his second recognition following his initial selection in 2024.The Titan 100 program honors Georgia’s Top 100 CEOs and C-level executives who exemplify exceptional leadership, vision, and passion.)
                </p>
                <div
                  style="display: flex; gap: 12px; margin-top: 8px;"
                >
                  <a
                    class="news-link"
                    href="https://www.linkedin.com/in/rameshmaturu/"
                    rel="noopener noreferrer"
                    target="_blank"
                  >
                    mockTranslate(Read More)
                  </a>
                </div>
              </div>
            </div>
            <div
              class="news-card"
            >
              <div
                class="news-img-wrap"
              >
                <img
                  alt="With Jensen Huang, CEO of NVIDIA"
                  class="news-img"
                  src=""
                />
              </div>
              <div
                class="news-card-body"
              >
                <div
                  class="news-date"
                >
                  05/02/2025
                </div>
                <h2
                  class="news-title"
                >
                  mockTranslate(With Jensen Huang, CEO of NVIDIA)
                </h2>
                <p
                  class="news-desc"
                >
                  mockTranslate(A meaningful interaction with Jensen Huang, discussing technology leadership, innovation, and the future of mission-driven platforms.)
                </p>
                <div
                  style="display: flex; gap: 12px; margin-top: 8px;"
                >
                  <a
                    class="news-link"
                    href="https://www.linkedin.com/in/jenhsunhuang/"
                    rel="noopener noreferrer"
                    target="_blank"
                  >
                    mockTranslate(Read More)
                  </a>
                </div>
              </div>
            </div>
            <div
              class="news-card"
            >
              <div
                class="news-img-wrap"
              >
                <img
                  alt="With Vishal Sikka, Former CEO of Infosys"
                  class="news-img"
                  src=""
                />
              </div>
              <div
                class="news-card-body"
              >
                <div
                  class="news-date"
                >
                  05/02/2025
                </div>
                <h2
                  class="news-title"
                >
                  mockTranslate(With Vishal Sikka, Former CEO of Infosys)
                </h2>
                <p
                  class="news-desc"
                >
                  mockTranslate(An insightful exchange with Vishal Sikka on leadership, purpose-driven innovation, and building organizations that create long-term impact.)
                </p>
                <div
                  style="display: flex; gap: 12px; margin-top: 8px;"
                >
                  <a
                    class="news-link"
                    href="https://www.linkedin.com/in/vishal-sikka-869a6b2/"
                    rel="noopener noreferrer"
                    target="_blank"
                  >
                    mockTranslate(Read More)
                  </a>
                </div>
              </div>
            </div>
            <div
              class="news-card"
            >
              <div
                class="news-img-wrap"
              >
                <img
                  alt="With Ramesh Maturu and Ramana Yerneni on Carmel-by-the-Sea, CA beach"
                  class="news-img"
                  src=""
                />
              </div>
              <div
                class="news-card-body"
              >
                <div
                  class="news-date"
                >
                  02/09/2026
                </div>
                <h2
                  class="news-title"
                >
                  mockTranslate(With Ramesh Maturu and Ramana Yerneni on Carmel-by-the-Sea, CA beach)
                </h2>
                <p
                  class="news-desc"
                >
                  mockTranslate(A memorable moment at Carmel-by-the-Sea, California, reflecting on meaningful conversations and connections with Ramesh Maturu and Ramana Yerneni by the Pacific coast.)
                </p>
                <div
                  style="display: flex; gap: 12px; margin-top: 8px;"
                >
                  <a
                    class="news-link"
                    href="https://www.linkedin.com/in/ramanayerneni/"
                    rel="noopener noreferrer"
                    target="_blank"
                  >
                    mockTranslate(Read More)
                  </a>
                </div>
              </div>
            </div>
            <div
              class="news-card"
            >
              <div
                class="news-img-wrap"
              >
                <img
                  alt="In Step with the Community: A 17-Mile Walk in San Ramon"
                  class="news-img"
                  src=""
                />
              </div>
              <div
                class="news-card-body"
              >
                <div
                  class="news-date"
                >
                  05/02/2025
                </div>
                <h2
                  class="news-title"
                >
                  mockTranslate(In Step with the Community: A 17-Mile Walk in San Ramon)
                </h2>
                <p
                  class="news-desc"
                >
                  mockTranslate(Our CEO and Sateesh Mucharla participated in a 17-mile walk through San Ramon, California, championing wellness, unity, and public service.)
                </p>
                <div
                  style="display: flex; gap: 12px; margin-top: 8px;"
                />
              </div>
            </div>
            <div
              class="news-card"
            >
              <div
                class="news-img-wrap"
              >
                <img
                  alt="With Dr. Srikar Reddy Koppula, Indian Consular in SF, CA"
                  class="news-img"
                  src=""
                />
              </div>
              <div
                class="news-card-body"
              >
                <div
                  class="news-date"
                >
                  05/02/2025
                </div>
                <h2
                  class="news-title"
                >
                  mockTranslate(With Dr. Srikar Reddy Koppula, Indian Consular in SF, CA)
                </h2>
                <p
                  class="news-desc"
                >
                  mockTranslate(A moment with the Indian Consular team during a community engagement event.)
                </p>
                <div
                  style="display: flex; gap: 12px; margin-top: 8px;"
                >
                  <a
                    class="news-link"
                    href="https://www.linkedin.com/in/srikar-reddy-koppula-b966aa293/"
                    rel="noopener noreferrer"
                    target="_blank"
                  >
                    mockTranslate(Read More)
                  </a>
                </div>
              </div>
            </div>
            <div
              class="news-card"
            >
              <div
                class="news-img-wrap"
              >
                <img
                  alt="With Amit Zavery, President, CPO, and COO, ServiceNow; Board Member, Broadridge (NYSE:BR)"
                  class="news-img"
                  src=""
                />
              </div>
              <div
                class="news-card-body"
              >
                <div
                  class="news-date"
                >
                  05/02/2025
                </div>
                <h2
                  class="news-title"
                >
                  mockTranslate(With Amit Zavery, President, CPO, and COO, ServiceNow; Board Member, Broadridge (NYSE:BR))
                </h2>
                <p
                  class="news-desc"
                >
                  mockTranslate(Interaction during the IIT Bay Area Conference discussing leadership, innovation, and community impact.)
                </p>
                <div
                  style="display: flex; gap: 12px; margin-top: 8px;"
                >
                  <a
                    class="news-link"
                    href="https://www.linkedin.com/in/amitzavery/"
                    rel="noopener noreferrer"
                    target="_blank"
                  >
                    mockTranslate(Read More)
                  </a>
                </div>
              </div>
            </div>
            <div
              class="news-card"
            >
              <div
                class="news-img-wrap"
              >
                <img
                  alt="With Madhusudhan Sai, global spiritual leader and humanitarian"
                  class="news-img"
                  src=""
                />
              </div>
              <div
                class="news-card-body"
              >
                <div
                  class="news-date"
                >
                  05/02/2025
                </div>
                <h2
                  class="news-title"
                >
                  mockTranslate(With Madhusudhan Sai, global spiritual leader and humanitarian)
                </h2>
                <p
                  class="news-desc"
                >
                  mockTranslate(A meaningful meeting highlighting values of service, compassion, and purpose-driven initiatives.)
                </p>
                <div
                  style="display: flex; gap: 12px; margin-top: 8px;"
                >
                  <a
                    class="news-link"
                    href="https://srimadhusudansai.com/"
                    rel="noopener noreferrer"
                    target="_blank"
                  >
                    mockTranslate(Read More)
                  </a>
                </div>
              </div>
            </div>
            <div
              class="news-card"
            >
              <div
                class="news-img-wrap"
              >
                <img
                  alt="With Murali Krishnamurthy, CEO of Sankara Eye Foundation"
                  class="news-img"
                  src=""
                />
              </div>
              <div
                class="news-card-body"
              >
                <div
                  class="news-date"
                >
                  05/02/2025
                </div>
                <h2
                  class="news-title"
                >
                  mockTranslate(With Murali Krishnamurthy, CEO of Sankara Eye Foundation)
                </h2>
                <p
                  class="news-desc"
                >
                  mockTranslate(In conversation with Murali Krishnamurthy, CEO of Sankara Eye Foundation, on strengthening collaborations to improve healthcare accessibility and community impact.)
                </p>
                <div
                  style="display: flex; gap: 12px; margin-top: 8px;"
                >
                  <a
                    class="news-link"
                    href="https://www.linkedin.com/in/muralikrishnamurthy/"
                    rel="noopener noreferrer"
                    target="_blank"
                  >
                    mockTranslate(Read More)
                  </a>
                </div>
              </div>
            </div>
            <div
              class="news-card"
            >
              <div
                class="news-img-wrap"
              >
                <img
                  alt="With U.S. Representative, Jimmy Panetta and San José City Council member, Domingo Candelas"
                  class="news-img"
                  src=""
                />
              </div>
              <div
                class="news-card-body"
              >
                <div
                  class="news-date"
                >
                  05/02/2025
                </div>
                <h2
                  class="news-title"
                >
                  mockTranslate(With U.S. Representative, Jimmy Panetta and San José City Council member, Domingo Candelas)
                </h2>
                <p
                  class="news-desc"
                >
                  mockTranslate(A productive discussion with U.S. Representative Jimmy Panetta and San José City Councilmember Domingo Candelas on social impact, healthcare accessibility, and collaborative efforts to uplift local communities.)
                </p>
                <div
                  style="display: flex; gap: 12px; margin-top: 8px;"
                >
                  <a
                    class="news-link"
                    href="https://panetta.house.gov/"
                    rel="noopener noreferrer"
                    target="_blank"
                  >
                    Jimmy Panetta
                  </a>
                  <a
                    class="news-link"
                    href="https://www.domingocandelas.com/"
                    rel="noopener noreferrer"
                    target="_blank"
                  >
                    Domingo Candelas
                  </a>
                </div>
              </div>
            </div>
          </div>
        </section>
        <section
          class="news-our-stories-cta"
        >
          <h2
            class="news-our-stories-cta-title"
          >
            mockTranslate(Want to join us?)
          </h2>
          <p
            class="news-our-stories-cta-desc"
          >
            mockTranslate(Chat with our community and get in touch with different charity organizations!)
          </p>
          <button
            class="news-our-stories-cta-btn"
          >
            mockTranslate(Join the community)
          </button>
        </section>
      </div>
    </div>
  </body>,
  "container": <div>
    <div
      class="news-our-stories-container px-4 md:px-0"
    >
      <section
        class="news-our-stories-hero"
      >
        <h1
          class="news-our-stories-title"
        >
          mockTranslate(News: Our Stories)
        </h1>
        <p
          class="news-our-stories-subtitle"
        >
          mockTranslate(Explore how Saayam for All is making headlines and gaining recognition for its work in uplifting communities, empowering volunteers, and building an inclusive support network.)
        </p>
        <p
          class="news-our-stories-desc"
        >
          mockTranslate(From local stories to national features, discover how our mission is resonating beyond the platform and into the world.)
        </p>
      </section>
      <section
        class="news-our-stories-section"
      >
        <div
          class="news-grid"
        >
          <div
            class="news-card"
          >
            <div
              class="news-img-wrap"
            >
              <img
                alt="Ramesh Maturu Named to the 2026 Georgia Titan 100 List"
                class="news-img"
                src=""
              />
            </div>
            <div
              class="news-card-body"
            >
              <div
                class="news-date"
              >
                02/09/2026
              </div>
              <h2
                class="news-title"
              >
                mockTranslate(Ramesh Maturu Named to the 2026 Georgia Titan 100 List)
              </h2>
              <p
                class="news-desc"
              >
                mockTranslate(Pyramid Consulting is pleased to announce that its President and Co-founder Ramesh Maturu, has been named a 2026 Georgia Titan 100, his second recognition following his initial selection in 2024.The Titan 100 program honors Georgia’s Top 100 CEOs and C-level executives who exemplify exceptional leadership, vision, and passion.)
              </p>
              <div
                style="display: flex; gap: 12px; margin-top: 8px;"
              >
                <a
                  class="news-link"
                  href="https://www.linkedin.com/in/rameshmaturu/"
                  rel="noopener noreferrer"
                  target="_blank"
                >
                  mockTranslate(Read More)
                </a>
              </div>
            </div>
          </div>
          <div
            class="news-card"
          >
            <div
              class="news-img-wrap"
            >
              <img
                alt="With Jensen Huang, CEO of NVIDIA"
                class="news-img"
                src=""
              />
            </div>
            <div
              class="news-card-body"
            >
              <div
                class="news-date"
              >
                05/02/2025
              </div>
              <h2
                class="news-title"
              >
                mockTranslate(With Jensen Huang, CEO of NVIDIA)
              </h2>
              <p
                class="news-desc"
              >
                mockTranslate(A meaningful interaction with Jensen Huang, discussing technology leadership, innovation, and the future of mission-driven platforms.)
              </p>
              <div
                style="display: flex; gap: 12px; margin-top: 8px;"
              >
                <a
                  class="news-link"
                  href="https://www.linkedin.com/in/jenhsunhuang/"
                  rel="noopener noreferrer"
                  target="_blank"
                >
                  mockTranslate(Read More)
                </a>
              </div>
            </div>
          </div>
          <div
            class="news-card"
          >
            <div
              class="news-img-wrap"
            >
              <img
                alt="With Vishal Sikka, Former CEO of Infosys"
                class="news-img"
                src=""
              />
            </div>
            <div
              class="news-card-body"
            >
              <div
                class="news-date"
              >
                05/02/2025
              </div>
              <h2
                class="news-title"
              >
                mockTranslate(With Vishal Sikka, Former CEO of Infosys)
              </h2>
              <p
                class="news-desc"
              >
                mockTranslate(An insightful exchange with Vishal Sikka on leadership, purpose-driven innovation, and building organizations that create long-term impact.)
              </p>
              <div
                style="display: flex; gap: 12px; margin-top: 8px;"
              >
                <a
                  class="news-link"
                  href="https://www.linkedin.com/in/vishal-sikka-869a6b2/"
                  rel="noopener noreferrer"
                  target="_blank"
                >
                  mockTranslate(Read More)
                </a>
              </div>
            </div>
          </div>
          <div
            class="news-card"
          >
            <div
              class="news-img-wrap"
            >
              <img
                alt="With Ramesh Maturu and Ramana Yerneni on Carmel-by-the-Sea, CA beach"
                class="news-img"
                src=""
              />
            </div>
            <div
              class="news-card-body"
            >
              <div
                class="news-date"
              >
                02/09/2026
              </div>
              <h2
                class="news-title"
              >
                mockTranslate(With Ramesh Maturu and Ramana Yerneni on Carmel-by-the-Sea, CA beach)
              </h2>
              <p
                class="news-desc"
              >
                mockTranslate(A memorable moment at Carmel-by-the-Sea, California, reflecting on meaningful conversations and connections with Ramesh Maturu and Ramana Yerneni by the Pacific coast.)
              </p>
              <div
                style="display: flex; gap: 12px; margin-top: 8px;"
              >
                <a
                  class="news-link"
                  href="https://www.linkedin.com/in/ramanayerneni/"
                  rel="noopener noreferrer"
                  target="_blank"
                >
                  mockTranslate(Read More)
                </a>
              </div>
            </div>
          </div>
          <div
            class="news-card"
          >
            <div
              class="news-img-wrap"
            >
              <img
                alt="In Step with the Community: A 17-Mile Walk in San Ramon"
                class="news-img"
                src=""
              />
            </div>
            <div
              class="news-card-body"
            >
              <div
                class="news-date"
              >
                05/02/2025
              </div>
              <h2
                class="news-title"
              >
                mockTranslate(In Step with the Community: A 17-Mile Walk in San Ramon)
              </h2>
              <p
                class="news-desc"
              >
                mockTranslate(Our CEO and Sateesh Mucharla participated in a 17-mile walk through San Ramon, California, championing wellness, unity, and public service.)
              </p>
              <div
                style="display: flex; gap: 12px; margin-top: 8px;"
              />
            </div>
          </div>
          <div
            class="news-card"
          >
            <div
              class="news-img-wrap"
            >
              <img
                alt="With Dr. Srikar Reddy Koppula, Indian Consular in SF, CA"
                class="news-img"
                src=""
              />
            </div>
            <div
              class="news-card-body"
            >
              <div
                class="news-date"
              >
                05/02/2025
              </div>
              <h2
                class="news-title"
              >
                mockTranslate(With Dr. Srikar Reddy Koppula, Indian Consular in SF, CA)
              </h2>
              <p
                class="news-desc"
              >
                mockTranslate(A moment with the Indian Consular team during a community engagement event.)
              </p>
              <div
                style="display: flex; gap: 12px; margin-top: 8px;"
              >
                <a
                  class="news-link"
                  href="https://www.linkedin.com/in/srikar-reddy-koppula-b966aa293/"
                  rel="noopener noreferrer"
                  target="_blank"
                >
                  mockTranslate(Read More)
                </a>
              </div>
            </div>
          </div>
          <div
            class="news-card"
          >
            <div
              class="news-img-wrap"
            >
              <img
                alt="With Amit Zavery, President, CPO, and COO, ServiceNow; Board Member, Broadridge (NYSE:BR)"
                class="news-img"
                src=""
              />
            </div>
            <div
              class="news-card-body"
            >
              <div
                class="news-date"
              >
                05/02/2025
              </div>
              <h2
                class="news-title"
              >
                mockTranslate(With Amit Zavery, President, CPO, and COO, ServiceNow; Board Member, Broadridge (NYSE:BR))
              </h2>
              <p
                class="news-desc"
              >
                mockTranslate(Interaction during the IIT Bay Area Conference discussing leadership, innovation, and community impact.)
              </p>
              <div
                style="display: flex; gap: 12px; margin-top: 8px;"
              >
                <a
                  class="news-link"
                  href="https://www.linkedin.com/in/amitzavery/"
                  rel="noopener noreferrer"
                  target="_blank"
                >
                  mockTranslate(Read More)
                </a>
              </div>
            </div>
          </div>
          <div
            class="news-card"
          >
            <div
              class="news-img-wrap"
            >
              <img
                alt="With Madhusudhan Sai, global spiritual leader and humanitarian"
                class="news-img"
                src=""
              />
            </div>
            <div
              class="news-card-body"
            >
              <div
                class="news-date"
              >
                05/02/2025
              </div>
              <h2
                class="news-title"
              >
                mockTranslate(With Madhusudhan Sai, global spiritual leader and humanitarian)
              </h2>
              <p
                class="news-desc"
              >
                mockTranslate(A meaningful meeting highlighting values of service, compassion, and purpose-driven initiatives.)
              </p>
              <div
                style="display: flex; gap: 12px; margin-top: 8px;"
              >
                <a
                  class="news-link"
                  href="https://srimadhusudansai.com/"
                  rel="noopener noreferrer"
                  target="_blank"
                >
                  mockTranslate(Read More)
                </a>
              </div>
            </div>
          </div>
          <div
            class="news-card"
          >
            <div
              class="news-img-wrap"
            >
              <img
                alt="With Murali Krishnamurthy, CEO of Sankara Eye Foundation"
                class="news-img"
                src=""
              />
            </div>
            <div
              class="news-card-body"
            >
              <div
                class="news-date"
              >
                05/02/2025
              </div>
              <h2
                class="news-title"
              >
                mockTranslate(With Murali Krishnamurthy, CEO of Sankara Eye Foundation)
              </h2>
              <p
                class="news-desc"
              >
                mockTranslate(In conversation with Murali Krishnamurthy, CEO of Sankara Eye Foundation, on strengthening collaborations to improve healthcare accessibility and community impact.)
              </p>
              <div
                style="display: flex; gap: 12px; margin-top: 8px;"
              >
                <a
                  class="news-link"
                  href="https://www.linkedin.com/in/muralikrishnamurthy/"
                  rel="noopener noreferrer"
                  target="_blank"
                >
                  mockTranslate(Read More)
                </a>
              </div>
            </div>
          </div>
          <div
            class="news-card"
          >
            <div
              class="news-img-wrap"
            >
              <img
                alt="With U.S. Representative, Jimmy Panetta and San José City Council member, Domingo Candelas"
                class="news-img"
                src=""
              />
            </div>
            <div
              class="news-card-body"
            >
              <div
                class="news-date"
              >
                05/02/2025
              </div>
              <h2
                class="news-title"
              >
                mockTranslate(With U.S. Representative, Jimmy Panetta and San José City Council member, Domingo Candelas)
              </h2>
              <p
                class="news-desc"
              >
                mockTranslate(A productive discussion with U.S. Representative Jimmy Panetta and San José City Councilmember Domingo Candelas on social impact, healthcare accessibility, and collaborative efforts to uplift local communities.)
              </p>
              <div
                style="display: flex; gap: 12px; margin-top: 8px;"
              >
                <a
                  class="news-link"
                  href="https://panetta.house.gov/"
                  rel="noopener noreferrer"
                  target="_blank"
                >
                  Jimmy Panetta
                </a>
                <a
                  class="news-link"
                  href="https://www.domingocandelas.com/"
                  rel="noopener noreferrer"
                  target="_blank"
                >
                  Domingo Candelas
                </a>
              </div>
            </div>
          </div>
        </div>
      </section>
      <section
        class="news-our-stories-cta"
      >
        <h2
          class="news-our-stories-cta-title"
        >
          mockTranslate(Want to join us?)
        </h2>
        <p
          class="news-our-stories-cta-desc"
        >
          mockTranslate(Chat with our community and get in touch with different charity organizations!)
        </p>
        <button
          class="news-our-stories-cta-btn"
        >
          mockTranslate(Join the community)
        </button>
      </section>
    </div>
  </div>,
  "debug": [Function],
  "findAllByAltText": [Function],
  "findAllByDisplayValue": [Function],
  "findAllByLabelText": [Function],
  "findAllByPlaceholderText": [Function],
  "findAllByRole": [Function],
  "findAllByTestId": [Function],
  "findAllByText": [Function],
  "findAllByTitle": [Function],
  "findByAltText": [Function],
  "findByDisplayValue": [Function],
  "findByLabelText": [Function],
  "findByPlaceholderText": [Function],
  "findByRole": [Function],
  "findByTestId": [Function],
  "findByText": [Function],
  "findByTitle": [Function],
  "getAllByAltText": [Function],
  "getAllByDisplayValue": [Function],
  "getAllByLabelText": [Function],
  "getAllByPlaceholderText": [Function],
  "getAllByRole": [Function],
  "getAllByTestId": [Function],
  "getAllByText": [Function],
  "getAllByTitle": [Function],
  "getByAltText": [Function],
  "getByDisplayValue": [Function],
  "getByLabelText": [Function],
  "getByPlaceholderText": [Function],
  "getByRole": [Function],
  "getByTestId": [Function],
  "getByText": [Function],
  "getByTitle": [Function],
  "queryAllByAltText": [Function],
  "queryAllByDisplayValue": [Function],
  "queryAllByLabelText": [Function],
  "queryAllByPlaceholderText": [Function],
  "queryAllByRole": [Function],
  "queryAllByTestId": [Function],
  "queryAllByText": [Function],
  "queryAllByTitle": [Function],
  "queryByAltText": [Function],
  "queryByDisplayValue": [Function],
  "queryByLabelText": [Function],
  "queryByPlaceholderText": [Function],
  "queryByRole": [Function],
  "queryByTestId": [Function],
  "queryByText": [Function],
  "queryByTitle": [Function],
  "rerender": [Function],
  "unmount": [Function],
}
`;
