// Jest Snapshot v1, https://goo.gl/fbAQLP

exports[`NewsOurStories renders correctly 1`] = `
{
  "asFragment": [Function],
  "baseElement": <body>
    <div>
      <div
        class="news-our-stories-container px-4 md:px-0"
      >
        <section
          class="news-our-stories-hero"
        >
          <h1
            class="news-our-stories-title"
          >
            mockTranslate(News: Our Stories)
          </h1>
          <p
            class="news-our-stories-subtitle"
          >
            mockTranslate(Explore how Saayam for All is making headlines and gaining recognition for its work in uplifting communities, empowering volunteers, and building an inclusive support network.)
          </p>
          <p
            class="news-our-stories-desc"
          >
            mockTranslate(From local stories to national features, discover how our mission is resonating beyond the platform and into the world.)
          </p>
        </section>
        <section
          class="news-our-stories-section"
        >
          <div
            class="news-our-stories-story"
          >
            <img
              alt="Saayam for All CEO Represents at TiEcon AiVerse 2025, Santa Clara"
              class="news-our-stories-img-lg"
              src=""
            />
            <div
              class="news-our-stories-date"
            >
              05/02/2025
            </div>
            <h2
              class="news-our-stories-story-title"
            >
              mockTranslate(Saayam for All CEO Represents at TiEcon AiVerse 2025, Santa Clara)
            </h2>
            <p
              class="news-our-stories-story-desc"
            >
              mockTranslate(Our CEO, Rao K Bhehanabobla recently attended TiEcon 2025 at the Santa Clara Convention Center, one of the premier global gatherings for entrepreneurs and innovators. He shared Saayam's journey in leveraging technology to build a support-driven community platform. The event spotlighted Saayam's mission and growing influence in the social impact ecosystem.)
            </p>
            <a
              class="news-our-stories-link"
              href="#"
            >
              mockTranslate(Read More)
            </a>
          </div>
          <div
            class="news-our-stories-row"
          >
            <div
              class="news-our-stories-col"
            >
              <img
                alt="Saayam x Sri Madhusudan Sai: Collaboration for Community Upliftment"
                class="news-our-stories-img-sm"
                src=""
              />
              <div
                class="news-our-stories-date"
              >
                05/02/2025
              </div>
              <h2
                class="news-our-stories-story-title"
              >
                mockTranslate(Saayam x Sri Madhusudan Sai: Collaboration for Community Upliftment)
              </h2>
              <p
                class="news-our-stories-story-desc"
              >
                mockTranslate(Saayam is proud to collaborate with Sri Madhusudan Sai, a global humanitarian known for his work in healthcare, education, and rural upliftment. This partnership strengthens our shared commitment to serving communities with compassion, integrity, and purpose.)
              </p>
              <a
                class="news-our-stories-link"
                href="#"
              >
                mockTranslate(Read More)
              </a>
            </div>
            <div
              class="news-our-stories-col"
            >
              <img
                alt="In Step with the Community: A 17-Mile Walk in San Ramon"
                class="news-our-stories-img-sm"
                src=""
              />
              <div
                class="news-our-stories-date"
              >
                05/02/2025
              </div>
              <h2
                class="news-our-stories-story-title"
              >
                mockTranslate(In Step with the Community: A 17-Mile Walk in San Ramon)
              </h2>
              <p
                class="news-our-stories-story-desc"
              >
                mockTranslate(Our CEO and Satesth Mudrala recently participated in a 17-mile walk through San Ramon, California, championing wellness, unity, and public service. Their commitment to engaging with the local community exemplifies Saayam's mission of stepping forward—both literally and figuratively—for meaningful impact.)
              </p>
              <a
                class="news-our-stories-link"
                href="#"
              >
                mockTranslate(Read More)
              </a>
            </div>
          </div>
        </section>
        <section
          class="news-our-stories-cta"
        >
          <h2
            class="news-our-stories-cta-title"
          >
            mockTranslate(Want to join us?)
          </h2>
          <p
            class="news-our-stories-cta-desc"
          >
            mockTranslate(Chat with our community and get in touch with different charity organizations!)
          </p>
          <button
            class="news-our-stories-cta-btn"
          >
            mockTranslate(Join the community)
          </button>
        </section>
      </div>
    </div>
  </body>,
  "container": <div>
    <div
      class="news-our-stories-container px-4 md:px-0"
    >
      <section
        class="news-our-stories-hero"
      >
        <h1
          class="news-our-stories-title"
        >
          mockTranslate(News: Our Stories)
        </h1>
        <p
          class="news-our-stories-subtitle"
        >
          mockTranslate(Explore how Saayam for All is making headlines and gaining recognition for its work in uplifting communities, empowering volunteers, and building an inclusive support network.)
        </p>
        <p
          class="news-our-stories-desc"
        >
          mockTranslate(From local stories to national features, discover how our mission is resonating beyond the platform and into the world.)
        </p>
      </section>
      <section
        class="news-our-stories-section"
      >
        <div
          class="news-our-stories-story"
        >
          <img
            alt="Saayam for All CEO Represents at TiEcon AiVerse 2025, Santa Clara"
            class="news-our-stories-img-lg"
            src=""
          />
          <div
            class="news-our-stories-date"
          >
            05/02/2025
          </div>
          <h2
            class="news-our-stories-story-title"
          >
            mockTranslate(Saayam for All CEO Represents at TiEcon AiVerse 2025, Santa Clara)
          </h2>
          <p
            class="news-our-stories-story-desc"
          >
            mockTranslate(Our CEO, Rao K Bhehanabobla recently attended TiEcon 2025 at the Santa Clara Convention Center, one of the premier global gatherings for entrepreneurs and innovators. He shared Saayam's journey in leveraging technology to build a support-driven community platform. The event spotlighted Saayam's mission and growing influence in the social impact ecosystem.)
          </p>
          <a
            class="news-our-stories-link"
            href="#"
          >
            mockTranslate(Read More)
          </a>
        </div>
        <div
          class="news-our-stories-row"
        >
          <div
            class="news-our-stories-col"
          >
            <img
              alt="Saayam x Sri Madhusudan Sai: Collaboration for Community Upliftment"
              class="news-our-stories-img-sm"
              src=""
            />
            <div
              class="news-our-stories-date"
            >
              05/02/2025
            </div>
            <h2
              class="news-our-stories-story-title"
            >
              mockTranslate(Saayam x Sri Madhusudan Sai: Collaboration for Community Upliftment)
            </h2>
            <p
              class="news-our-stories-story-desc"
            >
              mockTranslate(Saayam is proud to collaborate with Sri Madhusudan Sai, a global humanitarian known for his work in healthcare, education, and rural upliftment. This partnership strengthens our shared commitment to serving communities with compassion, integrity, and purpose.)
            </p>
            <a
              class="news-our-stories-link"
              href="#"
            >
              mockTranslate(Read More)
            </a>
          </div>
          <div
            class="news-our-stories-col"
          >
            <img
              alt="In Step with the Community: A 17-Mile Walk in San Ramon"
              class="news-our-stories-img-sm"
              src=""
            />
            <div
              class="news-our-stories-date"
            >
              05/02/2025
            </div>
            <h2
              class="news-our-stories-story-title"
            >
              mockTranslate(In Step with the Community: A 17-Mile Walk in San Ramon)
            </h2>
            <p
              class="news-our-stories-story-desc"
            >
              mockTranslate(Our CEO and Satesth Mudrala recently participated in a 17-mile walk through San Ramon, California, championing wellness, unity, and public service. Their commitment to engaging with the local community exemplifies Saayam's mission of stepping forward—both literally and figuratively—for meaningful impact.)
            </p>
            <a
              class="news-our-stories-link"
              href="#"
            >
              mockTranslate(Read More)
            </a>
          </div>
        </div>
      </section>
      <section
        class="news-our-stories-cta"
      >
        <h2
          class="news-our-stories-cta-title"
        >
          mockTranslate(Want to join us?)
        </h2>
        <p
          class="news-our-stories-cta-desc"
        >
          mockTranslate(Chat with our community and get in touch with different charity organizations!)
        </p>
        <button
          class="news-our-stories-cta-btn"
        >
          mockTranslate(Join the community)
        </button>
      </section>
    </div>
  </div>,
  "debug": [Function],
  "findAllByAltText": [Function],
  "findAllByDisplayValue": [Function],
  "findAllByLabelText": [Function],
  "findAllByPlaceholderText": [Function],
  "findAllByRole": [Function],
  "findAllByTestId": [Function],
  "findAllByText": [Function],
  "findAllByTitle": [Function],
  "findByAltText": [Function],
  "findByDisplayValue": [Function],
  "findByLabelText": [Function],
  "findByPlaceholderText": [Function],
  "findByRole": [Function],
  "findByTestId": [Function],
  "findByText": [Function],
  "findByTitle": [Function],
  "getAllByAltText": [Function],
  "getAllByDisplayValue": [Function],
  "getAllByLabelText": [Function],
  "getAllByPlaceholderText": [Function],
  "getAllByRole": [Function],
  "getAllByTestId": [Function],
  "getAllByText": [Function],
  "getAllByTitle": [Function],
  "getByAltText": [Function],
  "getByDisplayValue": [Function],
  "getByLabelText": [Function],
  "getByPlaceholderText": [Function],
  "getByRole": [Function],
  "getByTestId": [Function],
  "getByText": [Function],
  "getByTitle": [Function],
  "queryAllByAltText": [Function],
  "queryAllByDisplayValue": [Function],
  "queryAllByLabelText": [Function],
  "queryAllByPlaceholderText": [Function],
  "queryAllByRole": [Function],
  "queryAllByTestId": [Function],
  "queryAllByText": [Function],
  "queryAllByTitle": [Function],
  "queryByAltText": [Function],
  "queryByDisplayValue": [Function],
  "queryByLabelText": [Function],
  "queryByPlaceholderText": [Function],
  "queryByRole": [Function],
  "queryByTestId": [Function],
  "queryByText": [Function],
  "queryByTitle": [Function],
  "rerender": [Function],
  "unmount": [Function],
}
`;
